This is pdfTeX, Version 3.141592653-2.6-1.40.22 (TeX Live 2022/dev/Debian) (preloaded format=pdflatex 2023.5.7)  7 MAY 2023 12:51
entering extended mode
 restricted \write18 enabled.
 %&-line parsing enabled.
**/home/runner/work/freecol/freecol/doc/developer.tex
(/home/runner/work/freecol/freecol/doc/developer.tex
LaTeX2e <2021-11-15> patch level 1
L3 programming layer <2022-01-21>
(/usr/share/texlive/texmf-dist/tex/latex/base/book.cls
Document Class: book 2021/10/04 v1.4n Standard LaTeX document class
(/usr/share/texlive/texmf-dist/tex/latex/base/bk12.clo
File: bk12.clo 2021/10/04 v1.4n Standard LaTeX file (size option)
)
\c@part=\count185
\c@chapter=\count186
\c@section=\count187
\c@subsection=\count188
\c@subsubsection=\count189
\c@paragraph=\count190
\c@subparagraph=\count191
\c@figure=\count192
\c@table=\count193
\abovecaptionskip=\skip47
\belowcaptionskip=\skip48
\bibindent=\dimen138
) (./version.sty)
(/usr/share/texlive/texmf-dist/tex/latex/base/fontenc.sty
Package: fontenc 2021/04/29 v2.0v Standard LaTeX package
)
(/usr/share/texlive/texmf-dist/tex/latex/tools/longtable.sty
Package: longtable 2021-09-01 v4.17 Multi-page Table package (DPC)
\LTleft=\skip49
\LTright=\skip50
\LTpre=\skip51
\LTpost=\skip52
\LTchunksize=\count194
\LTcapwidth=\dimen139
\LT@head=\box50
\LT@firsthead=\box51
\LT@foot=\box52
\LT@lastfoot=\box53
\LT@gbox=\box54
\LT@cols=\count195
\LT@rows=\count196
\c@LT@tables=\count197
\c@LT@chunks=\count198
\LT@p@ftn=\toks16
)
(/usr/share/texlive/texmf-dist/tex/latex/graphics/graphicx.sty
Package: graphicx 2021/09/16 v1.2d Enhanced LaTeX Graphics (DPC,SPQR)

(/usr/share/texlive/texmf-dist/tex/latex/graphics/keyval.sty
Package: keyval 2014/10/28 v1.15 key=value parser (DPC)
\KV@toks@=\toks17
)
(/usr/share/texlive/texmf-dist/tex/latex/graphics/graphics.sty
Package: graphics 2021/03/04 v1.4d Standard LaTeX Graphics (DPC,SPQR)

(/usr/share/texlive/texmf-dist/tex/latex/graphics/trig.sty
Package: trig 2021/08/11 v1.11 sin cos tan (DPC)
)
(/usr/share/texlive/texmf-dist/tex/latex/graphics-cfg/graphics.cfg
File: graphics.cfg 2016/06/04 v1.11 sample graphics configuration
)
Package graphics Info: Driver file: pdftex.def on input line 107.

(/usr/share/texlive/texmf-dist/tex/latex/graphics-def/pdftex.def
File: pdftex.def 2020/10/05 v1.2a Graphics/color driver for pdftex
))
\Gin@req@height=\dimen140
\Gin@req@width=\dimen141
)
(/usr/share/texlive/texmf-dist/tex/latex/index/index.sty
Package: index 2004/01/20 v4.2beta Improved index support (dmj)
\@indexbox=\insert199
\indexproofstyle=\toks18


LaTeX Warning: Command \markboth  has changed.
               Check if current package is valid.


LaTeX Warning: Command \markright  has changed.
               Check if current package is valid.

) (/usr/share/texlive/texmf-dist/tex/latex/hyperref/hyperref.sty
Package: hyperref 2021-06-07 v7.00m Hypertext links for LaTeX

(/usr/share/texlive/texmf-dist/tex/generic/ltxcmds/ltxcmds.sty
Package: ltxcmds 2020-05-10 v1.25 LaTeX kernel commands for general use (HO)
)
(/usr/share/texlive/texmf-dist/tex/generic/iftex/iftex.sty
Package: iftex 2020/03/06 v1.0d TeX engine tests
)
(/usr/share/texlive/texmf-dist/tex/generic/pdftexcmds/pdftexcmds.sty
Package: pdftexcmds 2020-06-27 v0.33 Utility functions of pdfTeX for LuaTeX (HO
)

(/usr/share/texlive/texmf-dist/tex/generic/infwarerr/infwarerr.sty
Package: infwarerr 2019/12/03 v1.5 Providing info/warning/error messages (HO)
)
Package pdftexcmds Info: \pdf@primitive is available.
Package pdftexcmds Info: \pdf@ifprimitive is available.
Package pdftexcmds Info: \pdfdraftmode found.
)
(/usr/share/texlive/texmf-dist/tex/generic/kvsetkeys/kvsetkeys.sty
Package: kvsetkeys 2019/12/15 v1.18 Key value parser (HO)
)
(/usr/share/texlive/texmf-dist/tex/generic/kvdefinekeys/kvdefinekeys.sty
Package: kvdefinekeys 2019-12-19 v1.6 Define keys (HO)
)
(/usr/share/texlive/texmf-dist/tex/generic/pdfescape/pdfescape.sty
Package: pdfescape 2019/12/09 v1.15 Implements pdfTeX's escape features (HO)
)
(/usr/share/texlive/texmf-dist/tex/latex/hycolor/hycolor.sty
Package: hycolor 2020-01-27 v1.10 Color options for hyperref/bookmark (HO)
)
(/usr/share/texlive/texmf-dist/tex/latex/letltxmacro/letltxmacro.sty
Package: letltxmacro 2019/12/03 v1.6 Let assignment for LaTeX macros (HO)
)
(/usr/share/texlive/texmf-dist/tex/latex/auxhook/auxhook.sty
Package: auxhook 2019-12-17 v1.6 Hooks for auxiliary files (HO)
)
(/usr/share/texlive/texmf-dist/tex/latex/kvoptions/kvoptions.sty
Package: kvoptions 2020-10-07 v3.14 Key value format for package options (HO)
)
\@linkdim=\dimen142
\Hy@linkcounter=\count266
\Hy@pagecounter=\count267

(/usr/share/texlive/texmf-dist/tex/latex/hyperref/pd1enc.def
File: pd1enc.def 2021-06-07 v7.00m Hyperref: PDFDocEncoding definition (HO)
Now handling font encoding PD1 ...
... no UTF-8 mapping file for font encoding PD1
)
(/usr/share/texlive/texmf-dist/tex/latex/hyperref/hyperref-langpatches.def
File: hyperref-langpatches.def 2021-06-07 v7.00m Hyperref: patches for babel la
nguages
)
(/usr/share/texlive/texmf-dist/tex/generic/intcalc/intcalc.sty
Package: intcalc 2019/12/15 v1.3 Expandable calculations with integers (HO)
)
(/usr/share/texlive/texmf-dist/tex/generic/etexcmds/etexcmds.sty
Package: etexcmds 2019/12/15 v1.7 Avoid name clashes with e-TeX commands (HO)
)
\Hy@SavedSpaceFactor=\count268

(/usr/share/texlive/texmf-dist/tex/latex/hyperref/puenc.def
File: puenc.def 2021-06-07 v7.00m Hyperref: PDF Unicode definition (HO)
Now handling font encoding PU ...
... no UTF-8 mapping file for font encoding PU
)
Package hyperref Info: Option `colorlinks' set `true' on input line 4073.
Package hyperref Info: Option `hyperindex' set `true' on input line 4073.
Package hyperref Info: Hyper figures OFF on input line 4192.
Package hyperref Info: Link nesting OFF on input line 4197.
Package hyperref Info: Hyper index ON on input line 4200.
Package hyperref Info: Plain pages OFF on input line 4207.
Package hyperref Info: Backreferencing OFF on input line 4212.
Package hyperref Info: Implicit mode ON; LaTeX internals redefined.
Package hyperref Info: Bookmarks ON on input line 4445.
\c@Hy@tempcnt=\count269

(/usr/share/texlive/texmf-dist/tex/latex/url/url.sty
\Urlmuskip=\muskip16
Package: url 2013/09/16  ver 3.4  Verb mode for urls, etc.
)
LaTeX Info: Redefining \url on input line 4804.
\XeTeXLinkMargin=\dimen143

(/usr/share/texlive/texmf-dist/tex/generic/bitset/bitset.sty
Package: bitset 2019/12/09 v1.3 Handle bit-vector datatype (HO)

(/usr/share/texlive/texmf-dist/tex/generic/bigintcalc/bigintcalc.sty
Package: bigintcalc 2019/12/15 v1.5 Expandable calculations on big integers (HO
)
))
\Fld@menulength=\count270
\Field@Width=\dimen144
\Fld@charsize=\dimen145
Package hyperref Info: Hyper figures OFF on input line 6076.
Package hyperref Info: Link nesting OFF on input line 6081.
Package hyperref Info: Hyper index ON on input line 6084.
Package hyperref Info: backreferencing OFF on input line 6091.
Package hyperref Info: Link coloring ON on input line 6094.
Package hyperref Info: Link coloring with OCG OFF on input line 6101.
Package hyperref Info: PDF/A mode OFF on input line 6106.
LaTeX Info: Redefining \ref on input line 6146.
LaTeX Info: Redefining \pageref on input line 6150.

(/usr/share/texlive/texmf-dist/tex/latex/base/atbegshi-ltx.sty
Package: atbegshi-ltx 2021/01/10 v1.0c Emulation of the original atbegshi
package with kernel methods
)
\Hy@abspage=\count271
\c@Item=\count272
\c@Hfootnote=\count273
)
Package hyperref Info: Driver (autodetected): hpdftex.

(/usr/share/texlive/texmf-dist/tex/latex/hyperref/hpdftex.def
File: hpdftex.def 2021-06-07 v7.00m Hyperref driver for pdfTeX

(/usr/share/texlive/texmf-dist/tex/latex/base/atveryend-ltx.sty
Package: atveryend-ltx 2020/08/19 v1.0a Emulation of the original atveryend pac
kage
with kernel methods
)
\Fld@listcount=\count274
\c@bookmark@seq@number=\count275

(/usr/share/texlive/texmf-dist/tex/latex/rerunfilecheck/rerunfilecheck.sty
Package: rerunfilecheck 2019/12/05 v1.9 Rerun checks for auxiliary files (HO)

(/usr/share/texlive/texmf-dist/tex/generic/uniquecounter/uniquecounter.sty
Package: uniquecounter 2019/12/15 v1.4 Provide unlimited unique counter (HO)
)
Package uniquecounter Info: New unique counter `rerunfilecheck' on input line 2
86.
)
\Hy@SectionHShift=\skip53
)
\idxtitle@default=\toks19
\tf@default=\write3
\openout3 = `developer.idx'.

Package index Info: Writing index file developer.idx on input line 8.

(/usr/share/texlive/texmf-dist/tex/latex/l3backend/l3backend-pdftex.def
File: l3backend-pdftex.def 2022-01-12 L3 backend support: PDF output (pdfTeX)
\l__color_backend_stack_int=\count276
\l__pdf_internal_box=\box55
)
(./developer.aux)
\openout1 = `developer.aux'.

LaTeX Font Info:    Checking defaults for OML/cmm/m/it on input line 10.
LaTeX Font Info:    ... okay on input line 10.
LaTeX Font Info:    Checking defaults for OMS/cmsy/m/n on input line 10.
LaTeX Font Info:    ... okay on input line 10.
LaTeX Font Info:    Checking defaults for OT1/cmr/m/n on input line 10.
LaTeX Font Info:    ... okay on input line 10.
LaTeX Font Info:    Checking defaults for T1/cmr/m/n on input line 10.
LaTeX Font Info:    ... okay on input line 10.
LaTeX Font Info:    Checking defaults for TS1/cmr/m/n on input line 10.
LaTeX Font Info:    ... okay on input line 10.
LaTeX Font Info:    Checking defaults for OMX/cmex/m/n on input line 10.
LaTeX Font Info:    ... okay on input line 10.
LaTeX Font Info:    Checking defaults for U/cmr/m/n on input line 10.
LaTeX Font Info:    ... okay on input line 10.
LaTeX Font Info:    Checking defaults for PD1/pdf/m/n on input line 10.
LaTeX Font Info:    ... okay on input line 10.
LaTeX Font Info:    Checking defaults for PU/pdf/m/n on input line 10.
LaTeX Font Info:    ... okay on input line 10.

(/usr/share/texlive/texmf-dist/tex/context/base/mkii/supp-pdf.mkii
[Loading MPS to PDF converter (version 2006.09.02).]
\scratchcounter=\count277
\scratchdimen=\dimen146
\scratchbox=\box56
\nofMPsegments=\count278
\nofMParguments=\count279
\everyMPshowfont=\toks20
\MPscratchCnt=\count280
\MPscratchDim=\dimen147
\MPnumerator=\count281
\makeMPintoPDFobject=\count282
\everyMPtoPDFconversion=\toks21
) (/usr/share/texlive/texmf-dist/tex/latex/epstopdf-pkg/epstopdf-base.sty
Package: epstopdf-base 2020-01-24 v2.11 Base part for package epstopdf
Package epstopdf-base Info: Redefining graphics rule for `.eps' on input line 4
85.

(/usr/share/texlive/texmf-dist/tex/latex/latexconfig/epstopdf-sys.cfg
File: epstopdf-sys.cfg 2010/07/13 v1.3 Configuration of (r)epstopdf for TeX Liv
e
))
(/usr/share/texlive/texmf-dist/tex/latex/graphics/color.sty
Package: color 2021/12/07 v1.3c Standard LaTeX Color (DPC)

(/usr/share/texlive/texmf-dist/tex/latex/graphics-cfg/color.cfg
File: color.cfg 2016/01/02 v1.6 sample color configuration
)
Package color Info: Driver file: pdftex.def on input line 149.
)
Package hyperref Info: Link coloring ON on input line 10.

(/usr/share/texlive/texmf-dist/tex/latex/hyperref/nameref.sty
Package: nameref 2021-04-02 v2.47 Cross-referencing by name of section

(/usr/share/texlive/texmf-dist/tex/latex/refcount/refcount.sty
Package: refcount 2019/12/15 v3.6 Data extraction from label references (HO)
)
(/usr/share/texlive/texmf-dist/tex/generic/gettitlestring/gettitlestring.sty
Package: gettitlestring 2019/12/15 v1.6 Cleanup title references (HO)
)
\c@section@level=\count283
)
LaTeX Info: Redefining \ref on input line 10.
LaTeX Info: Redefining \pageref on input line 10.
LaTeX Info: Redefining \nameref on input line 10.

(./developer.out) (./developer.out)
\@outlinefile=\write4
\openout4 = `developer.out'.

LaTeX Font Info:    External font `cmex10' loaded for size
(Font)              <14.4> on input line 13.
LaTeX Font Info:    External font `cmex10' loaded for size
(Font)              <7> on input line 13.
 [1


{/var/lib/texmf/fonts/map/pdftex/updmap/pdftex.map}] [2

] (./developer.toc
LaTeX Font Info:    External font `cmex10' loaded for size
(Font)              <12> on input line 2.
LaTeX Font Info:    External font `cmex10' loaded for size
(Font)              <8> on input line 2.
LaTeX Font Info:    External font `cmex10' loaded for size
(Font)              <6> on input line 2.
)
\tf@toc=\write5
\openout5 = `developer.toc'.

 [3] [4

]
Chapter 1.

Overfull \hbox (5.70409pt too wide) in paragraph at lines 32--36
\T1/cmr/m/n/12 games. The same ap-plies to client-options, in Clien-tOp-tions.f
ixClientOptions.) 
 []

[5] [6] [7]
LaTeX Font Info:    Trying to load font information for T1+cmtt on input line 1
83.
 (/usr/share/texlive/texmf-dist/tex/latex/base/t1cmtt.fd
File: t1cmtt.fd 2019/12/16 v2.5j Standard LaTeX font definitions
) [8]
[9] [10]
Overfull \hbox (30.20387pt too wide) in paragraph at lines 321--321
[]\T1/cmr/bx/n/14.4 Creating a new Net-Beans project (thanks to ``xsainnz'') 
 []

[11] [12]
Chapter 2.

Overfull \hbox (96.48387pt too wide) in paragraph at lines 415--424
\T1/cmr/m/n/12 the com-mand line, by with some-thing like: [][]\T1/cmtt/m/n/12 
ant -Dfreecol.version=0.9.0-alpha2 dist
 []


Overfull \hbox (13.30423pt too wide) in paragraph at lines 415--424
\T1/cmr/m/n/12 ple by set-ting the en-vi-ron-ment vari-able [][]\T1/cmtt/m/n/12
 ANT_OPTS="-Xms256m -Xmx256m"[]\T1/cmr/m/n/12 .
 []

[13

]
Overfull \hbox (61.85446pt too wide) in paragraph at lines 438--441
[]\T1/cmr/m/n/12 Upload the pack-ages to [][]\T1/cmtt/m/n/12 sftp://frs.sourcef
orge.net/[]\T1/cmr/m/n/12 . A script [][]\T1/cmtt/m/n/12 bin/release.sh
 []


Overfull \hbox (88.76988pt too wide) in paragraph at lines 448--453
\T1/cmr/m/n/12 you will need to add a new \T1/cmtt/m/n/12 www.freecol.org/_post
s/freecol-\T1/cmr/m/it/12 version\T1/cmtt/m/n/12 -released.html
 []

LaTeX Font Info:    Font shape `T1/cmtt/bx/n' in size <12> not available
(Font)              Font shape `T1/cmtt/m/n' tried instead on input line 454.
[14]
Overfull \hbox (100.21776pt too wide) in paragraph at lines 467--471
[]\T1/cmr/m/n/12 Change di-rec-tory to the \T1/cmtt/m/n/12 _site \T1/cmr/m/n/12
 sub-di-rec-tory and up-load to \T1/cmr/m/it/12 user-name\T1/cmtt/m/n/12 ,freec
ol@web.sf.net
 []


Overfull \hbox (109.57559pt too wide) in paragraph at lines 474--478
\T1/cmr/m/n/12 ad-dresses are: \T1/cmtt/m/n/12 freecol-{developers,translators,
users}@lists.sourceforge.net 
 []

[15] [16

]
Chapter 3.
[17] [18

]
Chapter 4.
[19] [20] [21] [22]
Underfull \vbox (badness 1721) has occurred while \output is active []

 [23]
[24] [25]
Underfull \vbox (badness 1721) has occurred while \output is active []

 [26]
[27] [28] [29] [30] [31] [32

]
Chapter 5.

Overfull \hbox (10.53223pt too wide) in paragraph at lines 995--999
\T1/cmr/m/n/12 re-sources, gen-er-ally known as \T1/cmr/m/it/12 mods\T1/cmr/m/n
/12 . The stan-dard mods live in \T1/cmtt/m/n/12 .../data/mods\T1/cmr/m/n/12 .
 []


Overfull \hbox (43.8024pt too wide) in paragraph at lines 1000--1014
\T1/cmr/m/n/12 and de-scrip-tion can ap-pear in the mod se-lec-tion di-a-log, b
ut \T1/cmtt/m/n/12 ModMessages.properties
 []


Overfull \hbox (1.9926pt too wide) in paragraph at lines 1022--1028
[]\T1/cmr/m/n/12 Most mods change the spec-i-fi-ca-tion. This is done in a \T1/
cmtt/m/n/12 specification.xml
 []


Overfull \hbox (2.93747pt too wide) in paragraph at lines 1029--1037
\T1/cmr/m/n/12 re-de-fine an el-e-ment, re-spec-ify it in con-text with just it
s \T1/cmtt/m/n/12 id \T1/cmr/m/n/12 and \T1/cmtt/m/n/12 delete="true"
 []

[33]
Overfull \hbox (5.10352pt too wide) in paragraph at lines 1042--1042
[]    \T1/cmtt/m/n/12 <building-type id="model.building.stockade" preserve="tru
e">[] 
 []


Overfull \hbox (42.14447pt too wide) in paragraph at lines 1042--1042
[]      \T1/cmtt/m/n/12 <modifier id="model.modifier.minimumColonySize" delete=
"true" />[] 
 []

[34]
Chapter 6.
[35

] [36

]
Chapter 7.
No file developer.ind.
[37] (./developer.aux)
Package rerunfilecheck Info: File `developer.out' has not changed.
(rerunfilecheck)             Checksum: C7D658C4072AC4D491CEE58AEDE140EE;3447.
 ) 
Here is how much of TeX's memory you used:
 8847 strings out of 480247
 139147 string characters out of 5896152
 421555 words of memory out of 5000000
 26513 multiletter control sequences out of 15000+600000
 482324 words of font info for 54 fonts, out of 8000000 for 9000
 14 hyphenation exceptions out of 8191
 60i,6n,63p,453b,443s stack positions out of 5000i,500n,10000p,200000b,80000s
 </home/runner/.texlive2021/texmf-var/fonts/pk/ljfour/jknappen/ec/ecit1200.60
0pk> </home/runner/.texlive2021/texmf-var/fonts/pk/ljfour/jknappen/ec/ecbx1440.
600pk> </home/runner/.texlive2021/texmf-var/fonts/pk/ljfour/jknappen/ec/ectt120
0.600pk> </home/runner/.texlive2021/texmf-var/fonts/pk/ljfour/jknappen/ec/ecti1
200.600pk> </home/runner/.texlive2021/texmf-var/fonts/pk/ljfour/jknappen/ec/tcr
m1200.600pk> </home/runner/.texlive2021/texmf-var/fonts/pk/ljfour/jknappen/ec/e
cbx1728.600pk> </home/runner/.texlive2021/texmf-var/fonts/pk/ljfour/jknappen/ec
/ecsl1200.600pk> </home/runner/.texlive2021/texmf-var/fonts/pk/ljfour/jknappen/
ec/ecbx1200.600pk> </home/runner/.texlive2021/texmf-var/fonts/pk/ljfour/jknappe
n/ec/ecbx2488.600pk> </home/runner/.texlive2021/texmf-var/fonts/pk/ljfour/jknap
pen/ec/ecrm1200.600pk> </home/runner/.texlive2021/texmf-var/fonts/pk/ljfour/jkn
appen/ec/ecrm1440.600pk> </home/runner/.texlive2021/texmf-var/fonts/pk/ljfour/j
knappen/ec/ecrm2074.600pk>
Output written on developer.pdf (37 pages, 201257 bytes).
PDF statistics:
 937 PDF objects out of 1000 (max. 8388607)
 445 compressed objects within 5 object streams
 169 named destinations out of 1000 (max. 500000)
 169 words of extra memory for PDF output out of 10000 (max. 10000000)

