This is pdfTeX, Version 3.141592653-2.6-1.40.22 (TeX Live 2022/dev/Debian) (preloaded format=pdflatex 2023.5.7)  7 MAY 2023 12:51
entering extended mode
 restricted \write18 enabled.
 %&-line parsing enabled.
**/home/runner/work/freecol/freecol/doc/FreeCol.tex
(/home/runner/work/freecol/freecol/doc/FreeCol.tex
LaTeX2e <2021-11-15> patch level 1
L3 programming layer <2022-01-21>
(/usr/share/texlive/texmf-dist/tex/latex/base/book.cls
Document Class: book 2021/10/04 v1.4n Standard LaTeX document class
(/usr/share/texlive/texmf-dist/tex/latex/base/bk12.clo
File: bk12.clo 2021/10/04 v1.4n Standard LaTeX file (size option)
)
\c@part=\count185
\c@chapter=\count186
\c@section=\count187
\c@subsection=\count188
\c@subsubsection=\count189
\c@paragraph=\count190
\c@subparagraph=\count191
\c@figure=\count192
\c@table=\count193
\abovecaptionskip=\skip47
\belowcaptionskip=\skip48
\bibindent=\dimen138
) (./version.sty)
(/usr/share/texlive/texmf-dist/tex/latex/base/fontenc.sty
Package: fontenc 2021/04/29 v2.0v Standard LaTeX package
)
(/usr/share/texlive/texmf-dist/tex/latex/tools/longtable.sty
Package: longtable 2021-09-01 v4.17 Multi-page Table package (DPC)
\LTleft=\skip49
\LTright=\skip50
\LTpre=\skip51
\LTpost=\skip52
\LTchunksize=\count194
\LTcapwidth=\dimen139
\LT@head=\box50
\LT@firsthead=\box51
\LT@foot=\box52
\LT@lastfoot=\box53
\LT@gbox=\box54
\LT@cols=\count195
\LT@rows=\count196
\c@LT@tables=\count197
\c@LT@chunks=\count198
\LT@p@ftn=\toks16
)
(/usr/share/texlive/texmf-dist/tex/latex/graphics/graphicx.sty
Package: graphicx 2021/09/16 v1.2d Enhanced LaTeX Graphics (DPC,SPQR)

(/usr/share/texlive/texmf-dist/tex/latex/graphics/keyval.sty
Package: keyval 2014/10/28 v1.15 key=value parser (DPC)
\KV@toks@=\toks17
)
(/usr/share/texlive/texmf-dist/tex/latex/graphics/graphics.sty
Package: graphics 2021/03/04 v1.4d Standard LaTeX Graphics (DPC,SPQR)

(/usr/share/texlive/texmf-dist/tex/latex/graphics/trig.sty
Package: trig 2021/08/11 v1.11 sin cos tan (DPC)
)
(/usr/share/texlive/texmf-dist/tex/latex/graphics-cfg/graphics.cfg
File: graphics.cfg 2016/06/04 v1.11 sample graphics configuration
)
Package graphics Info: Driver file: pdftex.def on input line 107.

(/usr/share/texlive/texmf-dist/tex/latex/graphics-def/pdftex.def
File: pdftex.def 2020/10/05 v1.2a Graphics/color driver for pdftex
))
\Gin@req@height=\dimen140
\Gin@req@width=\dimen141
)
(/usr/share/texlive/texmf-dist/tex/latex/index/index.sty
Package: index 2004/01/20 v4.2beta Improved index support (dmj)
\@indexbox=\insert199
\indexproofstyle=\toks18


LaTeX Warning: Command \markboth  has changed.
               Check if current package is valid.


LaTeX Warning: Command \markright  has changed.
               Check if current package is valid.

) (/usr/share/texlive/texmf-dist/tex/latex/hyperref/hyperref.sty
Package: hyperref 2021-06-07 v7.00m Hypertext links for LaTeX

(/usr/share/texlive/texmf-dist/tex/generic/ltxcmds/ltxcmds.sty
Package: ltxcmds 2020-05-10 v1.25 LaTeX kernel commands for general use (HO)
)
(/usr/share/texlive/texmf-dist/tex/generic/iftex/iftex.sty
Package: iftex 2020/03/06 v1.0d TeX engine tests
)
(/usr/share/texlive/texmf-dist/tex/generic/pdftexcmds/pdftexcmds.sty
Package: pdftexcmds 2020-06-27 v0.33 Utility functions of pdfTeX for LuaTeX (HO
)

(/usr/share/texlive/texmf-dist/tex/generic/infwarerr/infwarerr.sty
Package: infwarerr 2019/12/03 v1.5 Providing info/warning/error messages (HO)
)
Package pdftexcmds Info: \pdf@primitive is available.
Package pdftexcmds Info: \pdf@ifprimitive is available.
Package pdftexcmds Info: \pdfdraftmode found.
)
(/usr/share/texlive/texmf-dist/tex/generic/kvsetkeys/kvsetkeys.sty
Package: kvsetkeys 2019/12/15 v1.18 Key value parser (HO)
)
(/usr/share/texlive/texmf-dist/tex/generic/kvdefinekeys/kvdefinekeys.sty
Package: kvdefinekeys 2019-12-19 v1.6 Define keys (HO)
)
(/usr/share/texlive/texmf-dist/tex/generic/pdfescape/pdfescape.sty
Package: pdfescape 2019/12/09 v1.15 Implements pdfTeX's escape features (HO)
)
(/usr/share/texlive/texmf-dist/tex/latex/hycolor/hycolor.sty
Package: hycolor 2020-01-27 v1.10 Color options for hyperref/bookmark (HO)
)
(/usr/share/texlive/texmf-dist/tex/latex/letltxmacro/letltxmacro.sty
Package: letltxmacro 2019/12/03 v1.6 Let assignment for LaTeX macros (HO)
)
(/usr/share/texlive/texmf-dist/tex/latex/auxhook/auxhook.sty
Package: auxhook 2019-12-17 v1.6 Hooks for auxiliary files (HO)
)
(/usr/share/texlive/texmf-dist/tex/latex/kvoptions/kvoptions.sty
Package: kvoptions 2020-10-07 v3.14 Key value format for package options (HO)
)
\@linkdim=\dimen142
\Hy@linkcounter=\count266
\Hy@pagecounter=\count267

(/usr/share/texlive/texmf-dist/tex/latex/hyperref/pd1enc.def
File: pd1enc.def 2021-06-07 v7.00m Hyperref: PDFDocEncoding definition (HO)
Now handling font encoding PD1 ...
... no UTF-8 mapping file for font encoding PD1
)
(/usr/share/texlive/texmf-dist/tex/latex/hyperref/hyperref-langpatches.def
File: hyperref-langpatches.def 2021-06-07 v7.00m Hyperref: patches for babel la
nguages
)
(/usr/share/texlive/texmf-dist/tex/generic/intcalc/intcalc.sty
Package: intcalc 2019/12/15 v1.3 Expandable calculations with integers (HO)
)
(/usr/share/texlive/texmf-dist/tex/generic/etexcmds/etexcmds.sty
Package: etexcmds 2019/12/15 v1.7 Avoid name clashes with e-TeX commands (HO)
)
\Hy@SavedSpaceFactor=\count268

(/usr/share/texlive/texmf-dist/tex/latex/hyperref/puenc.def
File: puenc.def 2021-06-07 v7.00m Hyperref: PDF Unicode definition (HO)
Now handling font encoding PU ...
... no UTF-8 mapping file for font encoding PU
)
Package hyperref Info: Option `colorlinks' set `true' on input line 4073.
Package hyperref Info: Option `hyperindex' set `true' on input line 4073.
Package hyperref Info: Hyper figures OFF on input line 4192.
Package hyperref Info: Link nesting OFF on input line 4197.
Package hyperref Info: Hyper index ON on input line 4200.
Package hyperref Info: Plain pages OFF on input line 4207.
Package hyperref Info: Backreferencing OFF on input line 4212.
Package hyperref Info: Implicit mode ON; LaTeX internals redefined.
Package hyperref Info: Bookmarks ON on input line 4445.
\c@Hy@tempcnt=\count269

(/usr/share/texlive/texmf-dist/tex/latex/url/url.sty
\Urlmuskip=\muskip16
Package: url 2013/09/16  ver 3.4  Verb mode for urls, etc.
)
LaTeX Info: Redefining \url on input line 4804.
\XeTeXLinkMargin=\dimen143

(/usr/share/texlive/texmf-dist/tex/generic/bitset/bitset.sty
Package: bitset 2019/12/09 v1.3 Handle bit-vector datatype (HO)

(/usr/share/texlive/texmf-dist/tex/generic/bigintcalc/bigintcalc.sty
Package: bigintcalc 2019/12/15 v1.5 Expandable calculations on big integers (HO
)
))
\Fld@menulength=\count270
\Field@Width=\dimen144
\Fld@charsize=\dimen145
Package hyperref Info: Hyper figures OFF on input line 6076.
Package hyperref Info: Link nesting OFF on input line 6081.
Package hyperref Info: Hyper index ON on input line 6084.
Package hyperref Info: backreferencing OFF on input line 6091.
Package hyperref Info: Link coloring ON on input line 6094.
Package hyperref Info: Link coloring with OCG OFF on input line 6101.
Package hyperref Info: PDF/A mode OFF on input line 6106.
LaTeX Info: Redefining \ref on input line 6146.
LaTeX Info: Redefining \pageref on input line 6150.

(/usr/share/texlive/texmf-dist/tex/latex/base/atbegshi-ltx.sty
Package: atbegshi-ltx 2021/01/10 v1.0c Emulation of the original atbegshi
package with kernel methods
)
\Hy@abspage=\count271
\c@Item=\count272
\c@Hfootnote=\count273
)
Package hyperref Info: Driver (autodetected): hpdftex.

(/usr/share/texlive/texmf-dist/tex/latex/hyperref/hpdftex.def
File: hpdftex.def 2021-06-07 v7.00m Hyperref driver for pdfTeX

(/usr/share/texlive/texmf-dist/tex/latex/base/atveryend-ltx.sty
Package: atveryend-ltx 2020/08/19 v1.0a Emulation of the original atveryend pac
kage
with kernel methods
)
\Fld@listcount=\count274
\c@bookmark@seq@number=\count275

(/usr/share/texlive/texmf-dist/tex/latex/rerunfilecheck/rerunfilecheck.sty
Package: rerunfilecheck 2019/12/05 v1.9 Rerun checks for auxiliary files (HO)

(/usr/share/texlive/texmf-dist/tex/generic/uniquecounter/uniquecounter.sty
Package: uniquecounter 2019/12/15 v1.4 Provide unlimited unique counter (HO)
)
Package uniquecounter Info: New unique counter `rerunfilecheck' on input line 2
86.
)
\Hy@SectionHShift=\skip53
)
\idxtitle@default=\toks19
\tf@default=\write3
\openout3 = `FreeCol.idx'.

Package index Info: Writing index file FreeCol.idx on input line 25.

(/usr/share/texlive/texmf-dist/tex/latex/l3backend/l3backend-pdftex.def
File: l3backend-pdftex.def 2022-01-12 L3 backend support: PDF output (pdfTeX)
\l__color_backend_stack_int=\count276
\l__pdf_internal_box=\box55
)
(./FreeCol.aux)
\openout1 = `FreeCol.aux'.

LaTeX Font Info:    Checking defaults for OML/cmm/m/it on input line 27.
LaTeX Font Info:    ... okay on input line 27.
LaTeX Font Info:    Checking defaults for OMS/cmsy/m/n on input line 27.
LaTeX Font Info:    ... okay on input line 27.
LaTeX Font Info:    Checking defaults for OT1/cmr/m/n on input line 27.
LaTeX Font Info:    ... okay on input line 27.
LaTeX Font Info:    Checking defaults for T1/cmr/m/n on input line 27.
LaTeX Font Info:    ... okay on input line 27.
LaTeX Font Info:    Checking defaults for TS1/cmr/m/n on input line 27.
LaTeX Font Info:    ... okay on input line 27.
LaTeX Font Info:    Checking defaults for OMX/cmex/m/n on input line 27.
LaTeX Font Info:    ... okay on input line 27.
LaTeX Font Info:    Checking defaults for U/cmr/m/n on input line 27.
LaTeX Font Info:    ... okay on input line 27.
LaTeX Font Info:    Checking defaults for PD1/pdf/m/n on input line 27.
LaTeX Font Info:    ... okay on input line 27.
LaTeX Font Info:    Checking defaults for PU/pdf/m/n on input line 27.
LaTeX Font Info:    ... okay on input line 27.

(/usr/share/texlive/texmf-dist/tex/context/base/mkii/supp-pdf.mkii
[Loading MPS to PDF converter (version 2006.09.02).]
\scratchcounter=\count277
\scratchdimen=\dimen146
\scratchbox=\box56
\nofMPsegments=\count278
\nofMParguments=\count279
\everyMPshowfont=\toks20
\MPscratchCnt=\count280
\MPscratchDim=\dimen147
\MPnumerator=\count281
\makeMPintoPDFobject=\count282
\everyMPtoPDFconversion=\toks21
) (/usr/share/texlive/texmf-dist/tex/latex/epstopdf-pkg/epstopdf-base.sty
Package: epstopdf-base 2020-01-24 v2.11 Base part for package epstopdf
Package epstopdf-base Info: Redefining graphics rule for `.eps' on input line 4
85.

(/usr/share/texlive/texmf-dist/tex/latex/latexconfig/epstopdf-sys.cfg
File: epstopdf-sys.cfg 2010/07/13 v1.3 Configuration of (r)epstopdf for TeX Liv
e
))
(/usr/share/texlive/texmf-dist/tex/latex/graphics/color.sty
Package: color 2021/12/07 v1.3c Standard LaTeX Color (DPC)

(/usr/share/texlive/texmf-dist/tex/latex/graphics-cfg/color.cfg
File: color.cfg 2016/01/02 v1.6 sample color configuration
)
Package color Info: Driver file: pdftex.def on input line 149.
)
Package hyperref Info: Link coloring ON on input line 27.

(/usr/share/texlive/texmf-dist/tex/latex/hyperref/nameref.sty
Package: nameref 2021-04-02 v2.47 Cross-referencing by name of section

(/usr/share/texlive/texmf-dist/tex/latex/refcount/refcount.sty
Package: refcount 2019/12/15 v3.6 Data extraction from label references (HO)
)
(/usr/share/texlive/texmf-dist/tex/generic/gettitlestring/gettitlestring.sty
Package: gettitlestring 2019/12/15 v1.6 Cleanup title references (HO)
)
\c@section@level=\count283
)
LaTeX Info: Redefining \ref on input line 27.
LaTeX Info: Redefining \pageref on input line 27.
LaTeX Info: Redefining \nameref on input line 27.

(./FreeCol.out) (./FreeCol.out)
\@outlinefile=\write4
\openout4 = `FreeCol.out'.

LaTeX Font Info:    External font `cmex10' loaded for size
(Font)              <14.4> on input line 30.
LaTeX Font Info:    External font `cmex10' loaded for size
(Font)              <7> on input line 30.
 [1


{/var/lib/texmf/fonts/map/pdftex/updmap/pdftex.map}] [2

] (./FreeCol.toc
LaTeX Font Info:    External font `cmex10' loaded for size
(Font)              <12> on input line 2.
LaTeX Font Info:    External font `cmex10' loaded for size
(Font)              <8> on input line 2.
LaTeX Font Info:    External font `cmex10' loaded for size
(Font)              <6> on input line 2.
 [3] [4])
\tf@toc=\write5
\openout5 = `FreeCol.toc'.

 [5] [6

]
Chapter 1.
<images/wikipedia.png, id=390, 16.06pt x 16.06pt>
File: images/wikipedia.png Graphic file (type png)
<use images/wikipedia.png>
Package pdftex.def Info: images/wikipedia.png  used on input line 66.
(pdftex.def)             Requested size: 9.63606pt x 9.63606pt.
[7 <./images/wikipedia.png>]
Underfull \vbox (badness 10000) has occurred while \output is active []

 [8]
[9] [10] [11] [12

]
Chapter 2.

Overfull \hbox (4.5994pt too wide) in paragraph at lines 240--245
\T1/cmr/m/n/12 You can down-load a sys-tem in-de-pen-dent in-staller, which sho
uld in-stall FreeCol
 []

[13]
LaTeX Font Info:    Trying to load font information for T1+cmtt on input line 2
77.
 (/usr/share/texlive/texmf-dist/tex/latex/base/t1cmtt.fd
File: t1cmtt.fd 2019/12/16 v2.5j Standard LaTeX font definitions
) [14]
Chapter 3.
[15

]
Overfull \hbox (1.7196pt too wide) in paragraph at lines 340--343
[][][]\T1/cmtt/m/n/12 --freecol-data DIR []\T1/cmr/m/n/12 Spec-ify the di-rec-t
ory that con-tains FreeCol's data
 []


Overfull \hbox (39.81796pt too wide) in paragraph at lines 350--352
[][][]\T1/cmtt/m/n/12 --clientOptions FILE []\T1/cmr/m/n/12 Over-ride the clien
t op-tions file (nor-mally \T1/cmtt/m/n/12 options.xml
 []

[16]
Overfull \hbox (0.50607pt too wide) in paragraph at lines 383--390
[][][]\T1/cmtt/m/n/12 --user-config-directory DIRECTORY []\T1/cmr/m/n/12 Use th
e given di-rec-tory in-stead
 []

[17]
Overfull \hbox (7.05034pt too wide) in paragraph at lines 411--413
[][][]\T1/cmtt/m/n/12 --check-savegame SAVEGAME_FILE []\T1/cmr/m/n/12 Check the
 in-tegrity of a saved game,
 []

[18] [19]
Overfull \hbox (2.87624pt too wide) in paragraph at lines 490--496
[]\T1/cmr/m/n/12 The orig-i-nal game only in-cluded four Eu-ro-pean na-tions, n
amely the Dutch,
 []

[20] [21] [22] [23] [24] [25] [26] [27] [28]
<images/main_screen.png, id=622, 1184.425pt x 927.465pt>
File: images/main_screen.png Graphic file (type png)
<use images/main_screen.png>
Package pdftex.def Info: images/main_screen.png  used on input line 972.
(pdftex.def)             Requested size: 414.55496pt x 324.61761pt.

Overfull \hbox (24.55496pt too wide) in paragraph at lines 972--973
 [] 
 []

[29] [30 <./images/main_screen.png>] [31] [32] [33] [34] [35] [36] [37]
<images/path-foot.png, id=715, 30.1125pt x 30.1125pt>
File: images/path-foot.png Graphic file (type png)
<use images/path-foot.png>
Package pdftex.def Info: images/path-foot.png  used on input line 1302.
(pdftex.def)             Requested size: 30.11241pt x 30.11241pt.
<images/path-horse.png, id=716, 30.1125pt x 30.1125pt>
File: images/path-horse.png Graphic file (type png)
<use images/path-horse.png>
Package pdftex.def Info: images/path-horse.png  used on input line 1303.
(pdftex.def)             Requested size: 30.11241pt x 30.11241pt.
<images/path-wagon.png, id=717, 30.1125pt x 30.1125pt>
File: images/path-wagon.png Graphic file (type png)
<use images/path-wagon.png>
Package pdftex.def Info: images/path-wagon.png  used on input line 1304.
(pdftex.def)             Requested size: 30.11241pt x 30.11241pt.
<images/path-naval.png, id=718, 31.11626pt x 30.1125pt>
File: images/path-naval.png Graphic file (type png)
<use images/path-naval.png>
Package pdftex.def Info: images/path-naval.png  used on input line 1305.
(pdftex.def)             Requested size: 31.11617pt x 30.11241pt.

[38 <./images/path-foot.png> <./images/path-horse.png> <./images/path-wagon.png
> <./images/path-naval.png>] [39] [40]
<images/europe_panel.png, id=741, 1009.7725pt x 708.6475pt>
File: images/europe_panel.png Graphic file (type png)
<use images/europe_panel.png>
Package pdftex.def Info: images/europe_panel.png  used on input line 1417.
(pdftex.def)             Requested size: 353.42567pt x 248.03033pt.
 [41] [42 <./images/europe_panel.png>]
<images/colony_panel.png, id=753, 998.73125pt x 635.37375pt>
File: images/colony_panel.png Graphic file (type png)
<use images/colony_panel.png>
Package pdftex.def Info: images/colony_panel.png  used on input line 1470.
(pdftex.def)             Requested size: 349.56117pt x 222.38414pt.

[43] [44 <./images/colony_panel.png>] [45]
Underfull \vbox (badness 5787) has occurred while \output is active []

 [46]
[47] [48

]
Chapter 4.
[49] [50] [51] [52] [53]
Overfull \hbox (0.29196pt too wide) in paragraph at lines 1966--1975
[][][]\T1/cmr/m/n/12 Missionaries[][], which may be ei-ther [][]Je-suit Mis-sio
n-ar-ies[][] or or-di-nary colonists
 []

[54] [55] [56]
Chapter 5.
[57

] [58] [59]
Overfull \hbox (4.05373pt too wide) in paragraph at lines 2222--2229
[]\T1/cmr/m/n/12 The [][][]\T1/cmr/bx/n/12 Tobacconist's House\T1/cmr/m/n/12 , 
which can be up-graded to a [][][]\T1/cmr/bx/n/12 Tobacconist's
 []

[60] [61] [62] [63] [64

]
Chapter 6.

Overfull \hbox (14.01875pt too wide) in paragraph at lines 2379--2385
\T1/cmr/m/n/12 and the [][]\T1/cmr/bx/n/12 Netherlands[]\T1/cmr/m/n/12 . FreeCo
l op-tion-ally adds [][]\T1/cmr/bx/n/12 Portugal\T1/cmr/m/n/12 , [][]\T1/cmr/bx
/n/12 Denmark\T1/cmr/m/n/12 , [][]\T1/cmr/bx/n/12 Sweden
 []

[65] [66]
Overfull \hbox (1.85837pt too wide) in paragraph at lines 2481--2485
[]\T1/cmr/m/n/12 If you have enough gold, you can also train colonists at the [
]  Royal Academy.
 []

[67] [68]
Chapter 7.
[69

] [70]
Overfull \hbox (8.03197pt too wide) in paragraph at lines 2655--2661
[]\T1/cmr/m/n/12 While the preach-ers are con-cerned with the spir-i-tual wel-f
are of the colonists,
 []

[71] [72] [73] [74] [75] [76] [77] [78

]
Chapter 8.
File: images/wikipedia.png Graphic file (type png)
<use images/wikipedia.png>
Package pdftex.def Info: images/wikipedia.png  used on input line 3004.
(pdftex.def)             Requested size: 9.63606pt x 9.63606pt.
File: images/wikipedia.png Graphic file (type png)
<use images/wikipedia.png>
Package pdftex.def Info: images/wikipedia.png  used on input line 3010.
(pdftex.def)             Requested size: 9.63606pt x 9.63606pt.
File: images/wikipedia.png Graphic file (type png)
<use images/wikipedia.png>
Package pdftex.def Info: images/wikipedia.png  used on input line 3016.
(pdftex.def)             Requested size: 9.63606pt x 9.63606pt.
File: images/wikipedia.png Graphic file (type png)
<use images/wikipedia.png>
Package pdftex.def Info: images/wikipedia.png  used on input line 3022.
(pdftex.def)             Requested size: 9.63606pt x 9.63606pt.
File: images/wikipedia.png Graphic file (type png)
<use images/wikipedia.png>
Package pdftex.def Info: images/wikipedia.png  used on input line 3033.
(pdftex.def)             Requested size: 9.63606pt x 9.63606pt.
[79]
File: images/wikipedia.png Graphic file (type png)
<use images/wikipedia.png>
Package pdftex.def Info: images/wikipedia.png  used on input line 3040.
(pdftex.def)             Requested size: 9.63606pt x 9.63606pt.
File: images/wikipedia.png Graphic file (type png)
<use images/wikipedia.png>
Package pdftex.def Info: images/wikipedia.png  used on input line 3048.
(pdftex.def)             Requested size: 9.63606pt x 9.63606pt.
File: images/wikipedia.png Graphic file (type png)
<use images/wikipedia.png>
Package pdftex.def Info: images/wikipedia.png  used on input line 3055.
(pdftex.def)             Requested size: 9.63606pt x 9.63606pt.

Overfull \hbox (3.49275pt too wide) in paragraph at lines 3050--3056
[]\T1/cmr/bx/n/12 Hernando de Soto \T1/cmr/m/n/12 (1496--1542) was the first Eu
-ro-pean to ex-plore Florida
 []

File: images/wikipedia.png Graphic file (type png)
<use images/wikipedia.png>
Package pdftex.def Info: images/wikipedia.png  used on input line 3062.
(pdftex.def)             Requested size: 9.63606pt x 9.63606pt.
File: images/wikipedia.png Graphic file (type png)
<use images/wikipedia.png>
Package pdftex.def Info: images/wikipedia.png  used on input line 3070.
(pdftex.def)             Requested size: 9.63606pt x 9.63606pt.
File: images/wikipedia.png Graphic file (type png)
<use images/wikipedia.png>
Package pdftex.def Info: images/wikipedia.png  used on input line 3077.
(pdftex.def)             Requested size: 9.63606pt x 9.63606pt.
File: images/wikipedia.png Graphic file (type png)
<use images/wikipedia.png>
Package pdftex.def Info: images/wikipedia.png  used on input line 3085.
(pdftex.def)             Requested size: 9.63606pt x 9.63606pt.
[80]
File: images/wikipedia.png Graphic file (type png)
<use images/wikipedia.png>
Package pdftex.def Info: images/wikipedia.png  used on input line 3094.
(pdftex.def)             Requested size: 9.63606pt x 9.63606pt.
File: images/wikipedia.png Graphic file (type png)
<use images/wikipedia.png>
Package pdftex.def Info: images/wikipedia.png  used on input line 3100.
(pdftex.def)             Requested size: 9.63606pt x 9.63606pt.
File: images/wikipedia.png Graphic file (type png)
<use images/wikipedia.png>
Package pdftex.def Info: images/wikipedia.png  used on input line 3108.
(pdftex.def)             Requested size: 9.63606pt x 9.63606pt.
File: images/wikipedia.png Graphic file (type png)
<use images/wikipedia.png>
Package pdftex.def Info: images/wikipedia.png  used on input line 3115.
(pdftex.def)             Requested size: 9.63606pt x 9.63606pt.
File: images/wikipedia.png Graphic file (type png)
<use images/wikipedia.png>
Package pdftex.def Info: images/wikipedia.png  used on input line 3123.
(pdftex.def)             Requested size: 9.63606pt x 9.63606pt.
File: images/wikipedia.png Graphic file (type png)
<use images/wikipedia.png>
Package pdftex.def Info: images/wikipedia.png  used on input line 3130.
(pdftex.def)             Requested size: 9.63606pt x 9.63606pt.
File: images/wikipedia.png Graphic file (type png)
<use images/wikipedia.png>
Package pdftex.def Info: images/wikipedia.png  used on input line 3137.
(pdftex.def)             Requested size: 9.63606pt x 9.63606pt.
 [81]
File: images/wikipedia.png Graphic file (type png)
<use images/wikipedia.png>
Package pdftex.def Info: images/wikipedia.png  used on input line 3146.
(pdftex.def)             Requested size: 9.63606pt x 9.63606pt.
File: images/wikipedia.png Graphic file (type png)
<use images/wikipedia.png>
Package pdftex.def Info: images/wikipedia.png  used on input line 3152.
(pdftex.def)             Requested size: 9.63606pt x 9.63606pt.
File: images/wikipedia.png Graphic file (type png)
<use images/wikipedia.png>
Package pdftex.def Info: images/wikipedia.png  used on input line 3158.
(pdftex.def)             Requested size: 9.63606pt x 9.63606pt.
File: images/wikipedia.png Graphic file (type png)
<use images/wikipedia.png>
Package pdftex.def Info: images/wikipedia.png  used on input line 3165.
(pdftex.def)             Requested size: 9.63606pt x 9.63606pt.
File: images/wikipedia.png Graphic file (type png)
<use images/wikipedia.png>
Package pdftex.def Info: images/wikipedia.png  used on input line 3172.
(pdftex.def)             Requested size: 9.63606pt x 9.63606pt.
File: images/wikipedia.png Graphic file (type png)
<use images/wikipedia.png>
Package pdftex.def Info: images/wikipedia.png  used on input line 3179.
(pdftex.def)             Requested size: 9.63606pt x 9.63606pt.
 [82]
Chapter 9.
File: images/wikipedia.png Graphic file (type png)
<use images/wikipedia.png>
Package pdftex.def Info: images/wikipedia.png  used on input line 3206.
(pdftex.def)             Requested size: 9.63606pt x 9.63606pt.
File: images/wikipedia.png Graphic file (type png)
<use images/wikipedia.png>
Package pdftex.def Info: images/wikipedia.png  used on input line 3208.
(pdftex.def)             Requested size: 9.63606pt x 9.63606pt.
[83

] [84]
Chapter 10.
[85

] [86

]
Chapter 11.
No file FreeCol.ind.
[87] (./FreeCol.aux)

LaTeX Warning: Label(s) may have changed. Rerun to get cross-references right.

Package rerunfilecheck Info: File `FreeCol.out' has not changed.
(rerunfilecheck)             Checksum: 7B6124C9E60EAB54767116F94EF88ECC;9695.
 ) 
Here is how much of TeX's memory you used:
 9286 strings out of 480247
 145025 string characters out of 5896152
 427535 words of memory out of 5000000
 26612 multiletter control sequences out of 15000+600000
 482009 words of font info for 53 fonts, out of 8000000 for 9000
 14 hyphenation exceptions out of 8191
 60i,8n,63p,325b,413s stack positions out of 5000i,500n,10000p,200000b,80000s
 </home/runner/.texlive2021/texmf-var/fonts/pk/ljfour/jknappen/ec/ecti1200.60
0pk> </home/runner/.texlive2021/texmf-var/fonts/pk/ljfour/jknappen/ec/ectt1200.
600pk> </home/runner/.texlive2021/texmf-var/fonts/pk/ljfour/jknappen/ec/tcrm120
0.600pk> </home/runner/.texlive2021/texmf-var/fonts/pk/ljfour/jknappen/ec/ecbx1
440.600pk> </home/runner/.texlive2021/texmf-var/fonts/pk/ljfour/jknappen/ec/ecb
x1728.600pk> </home/runner/.texlive2021/texmf-var/fonts/pk/ljfour/jknappen/ec/e
csl1200.600pk> </home/runner/.texlive2021/texmf-var/fonts/pk/ljfour/jknappen/ec
/ecbx1200.600pk> </home/runner/.texlive2021/texmf-var/fonts/pk/ljfour/jknappen/
ec/ecbx2488.600pk> </home/runner/.texlive2021/texmf-var/fonts/pk/ljfour/jknappe
n/ec/ecrm1200.600pk> </home/runner/.texlive2021/texmf-var/fonts/pk/ljfour/jknap
pen/ec/ecrm1440.600pk> </home/runner/.texlive2021/texmf-var/fonts/pk/ljfour/jkn
appen/ec/ecrm2074.600pk></usr/share/texlive/texmf-dist/fonts/type1/public/amsfo
nts/cm/cmr12.pfb></usr/share/texlive/texmf-dist/fonts/type1/public/amsfonts/cm/
cmsy10.pfb>
Output written on FreeCol.pdf (87 pages, 3761553 bytes).
PDF statistics:
 2094 PDF objects out of 2487 (max. 8388607)
 1514 compressed objects within 16 object streams
 500 named destinations out of 1000 (max. 500000)
 593 words of extra memory for PDF output out of 10000 (max. 10000000)

