\BOOKMARK [0][-]{chapter.1}{\376\377\000I\000n\000t\000r\000o\000d\000u\000c\000t\000i\000o\000n}{}% 1
\BOOKMARK [1][-]{section.1.1}{\376\377\000A\000b\000o\000u\000t\000\040\000F\000r\000e\000e\000C\000o\000l}{chapter.1}% 2
\BOOKMARK [1][-]{section.1.2}{\376\377\000T\000h\000e\000\040\000O\000r\000i\000g\000i\000n\000a\000l\000\040\000C\000o\000l\000o\000n\000i\000z\000a\000t\000i\000o\000n}{chapter.1}% 3
\BOOKMARK [1][-]{section.1.3}{\376\377\000A\000b\000o\000u\000t\000\040\000t\000h\000i\000s\000\040\000m\000a\000n\000u\000a\000l}{chapter.1}% 4
\BOOKMARK [2][-]{subsection.1.3.1}{\376\377\000D\000i\000f\000f\000e\000r\000e\000n\000c\000e\000s\000\040\000b\000e\000t\000w\000e\000e\000n\000\040\000t\000h\000e\000\040\000r\000u\000l\000e\000\040\000s\000e\000t\000s}{section.1.3}% 5
\BOOKMARK [1][-]{section.1.4}{\376\377\000L\000i\000b\000e\000r\000t\000y\000\040\000a\000n\000d\000\040\000I\000m\000m\000i\000g\000r\000a\000t\000i\000o\000n}{chapter.1}% 6
\BOOKMARK [0][-]{chapter.2}{\376\377\000I\000n\000s\000t\000a\000l\000l\000a\000t\000i\000o\000n}{}% 7
\BOOKMARK [1][-]{section.2.1}{\376\377\000S\000y\000s\000t\000e\000m\000\040\000R\000e\000q\000u\000i\000r\000e\000m\000e\000n\000t\000s}{chapter.2}% 8
\BOOKMARK [2][-]{subsection.2.1.1}{\376\377\000F\000r\000e\000e\000C\000o\000l\000\040\000o\000n\000\040\000W\000i\000n\000d\000o\000w\000s}{section.2.1}% 9
\BOOKMARK [1][-]{section.2.2}{\376\377\000C\000o\000m\000p\000i\000l\000i\000n\000g\000\040\000F\000r\000e\000e\000C\000o\000l}{chapter.2}% 10
\BOOKMARK [0][-]{chapter.3}{\376\377\000I\000n\000t\000e\000r\000f\000a\000c\000e}{}% 11
\BOOKMARK [1][-]{section.3.1}{\376\377\000S\000t\000a\000r\000t\000i\000n\000g\000\040\000t\000h\000e\000\040\000g\000a\000m\000e}{chapter.3}% 12
\BOOKMARK [2][-]{subsection.3.1.1}{\376\377\000C\000o\000m\000m\000a\000n\000d\000\040\000l\000i\000n\000e\000\040\000o\000p\000t\000i\000o\000n\000s}{section.3.1}% 13
\BOOKMARK [2][-]{subsection.3.1.2}{\376\377\000G\000a\000m\000e\000\040\000s\000e\000t\000u\000p}{section.3.1}% 14
\BOOKMARK [2][-]{subsection.3.1.3}{\376\377\000M\000a\000p\000\040\000G\000e\000n\000e\000r\000a\000t\000o\000r\000\040\000O\000p\000t\000i\000o\000n\000s}{section.3.1}% 15
\BOOKMARK [2][-]{subsection.3.1.4}{\376\377\000G\000a\000m\000e\000\040\000O\000p\000t\000i\000o\000n\000s}{section.3.1}% 16
\BOOKMARK [1][-]{section.3.2}{\376\377\000C\000l\000i\000e\000n\000t\000\040\000O\000p\000t\000i\000o\000n\000s}{chapter.3}% 17
\BOOKMARK [2][-]{subsection.3.2.1}{\376\377\000D\000i\000s\000p\000l\000a\000y\000\040\000O\000p\000t\000i\000o\000n\000s}{section.3.2}% 18
\BOOKMARK [2][-]{subsection.3.2.2}{\376\377\000T\000r\000a\000n\000s\000l\000a\000t\000i\000o\000n\000s}{section.3.2}% 19
\BOOKMARK [2][-]{subsection.3.2.3}{\376\377\000M\000e\000s\000s\000a\000g\000e\000\040\000O\000p\000t\000i\000o\000n\000s}{section.3.2}% 20
\BOOKMARK [2][-]{subsection.3.2.4}{\376\377\000A\000u\000d\000i\000o\000\040\000O\000p\000t\000i\000o\000n\000s}{section.3.2}% 21
\BOOKMARK [2][-]{subsection.3.2.5}{\376\377\000S\000a\000v\000e\000g\000a\000m\000e\000\040\000O\000p\000t\000i\000o\000n\000s}{section.3.2}% 22
\BOOKMARK [2][-]{subsection.3.2.6}{\376\377\000W\000a\000r\000e\000h\000o\000u\000s\000e\000\040\000O\000p\000t\000i\000o\000n\000s}{section.3.2}% 23
\BOOKMARK [2][-]{subsection.3.2.7}{\376\377\000K\000e\000y\000b\000o\000a\000r\000d\000\040\000A\000c\000c\000e\000l\000e\000r\000a\000t\000o\000r\000s}{section.3.2}% 24
\BOOKMARK [2][-]{subsection.3.2.8}{\376\377\000O\000t\000h\000e\000r\000\040\000O\000p\000t\000i\000o\000n\000s}{section.3.2}% 25
\BOOKMARK [1][-]{section.3.3}{\376\377\000T\000h\000e\000\040\000m\000a\000i\000n\000\040\000s\000c\000r\000e\000e\000n}{chapter.3}% 26
\BOOKMARK [2][-]{subsection.3.3.1}{\376\377\000T\000h\000e\000\040\000M\000e\000n\000u\000b\000a\000r}{section.3.3}% 27
\BOOKMARK [2][-]{subsection.3.3.2}{\376\377\000T\000h\000e\000\040\000I\000n\000f\000o\000\040\000P\000a\000n\000e\000l}{section.3.3}% 28
\BOOKMARK [2][-]{subsection.3.3.3}{\376\377\000T\000h\000e\000\040\000M\000i\000n\000i\000m\000a\000p}{section.3.3}% 29
\BOOKMARK [2][-]{subsection.3.3.4}{\376\377\000T\000h\000e\000\040\000U\000n\000i\000t\000\040\000B\000u\000t\000t\000o\000n\000s}{section.3.3}% 30
\BOOKMARK [2][-]{subsection.3.3.5}{\376\377\000T\000h\000e\000\040\000C\000o\000m\000p\000a\000s\000s\000\040\000R\000o\000s\000e}{section.3.3}% 31
\BOOKMARK [2][-]{subsection.3.3.6}{\376\377\000T\000h\000e\000\040\000M\000a\000i\000n\000\040\000M\000a\000p}{section.3.3}% 32
\BOOKMARK [1][-]{section.3.4}{\376\377\000T\000h\000e\000\040\000E\000u\000r\000o\000p\000e\000\040\000P\000a\000n\000e\000l}{chapter.3}% 33
\BOOKMARK [1][-]{section.3.5}{\376\377\000T\000h\000e\000\040\000C\000o\000l\000o\000n\000y\000\040\000p\000a\000n\000e\000l}{chapter.3}% 34
\BOOKMARK [2][-]{subsection.3.5.1}{\376\377\000T\000h\000e\000\040\000W\000a\000r\000e\000h\000o\000u\000s\000e\000\040\000D\000i\000a\000l\000o\000g}{section.3.5}% 35
\BOOKMARK [2][-]{subsection.3.5.2}{\376\377\000T\000h\000e\000\040\000B\000u\000i\000l\000d\000\040\000Q\000u\000e\000u\000e\000\040\000P\000a\000n\000e\000l}{section.3.5}% 36
\BOOKMARK [1][-]{section.3.6}{\376\377\000C\000u\000s\000t\000o\000m\000i\000z\000a\000t\000i\000o\000n}{chapter.3}% 37
\BOOKMARK [0][-]{chapter.4}{\376\377\000T\000h\000e\000\040\000N\000e\000w\000\040\000W\000o\000r\000l\000d}{}% 38
\BOOKMARK [1][-]{section.4.1}{\376\377\000T\000e\000r\000r\000a\000i\000n\000\040\000T\000y\000p\000e\000s}{chapter.4}% 39
\BOOKMARK [1][-]{section.4.2}{\376\377\000G\000o\000o\000d\000s}{chapter.4}% 40
\BOOKMARK [2][-]{subsection.4.2.1}{\376\377\000T\000r\000a\000d\000e\000\040\000R\000o\000u\000t\000e\000s}{section.4.2}% 41
\BOOKMARK [1][-]{section.4.3}{\376\377\000S\000p\000e\000c\000i\000a\000l\000\040\000R\000e\000s\000o\000u\000r\000c\000e\000s}{chapter.4}% 42
\BOOKMARK [1][-]{section.4.4}{\376\377\000N\000a\000t\000i\000v\000e\000\040\000S\000e\000t\000t\000l\000e\000m\000e\000n\000t\000s}{chapter.4}% 43
\BOOKMARK [1][-]{section.4.5}{\376\377\000L\000o\000s\000t\000\040\000C\000i\000t\000y\000\040\000R\000u\000m\000o\000u\000r\000s}{chapter.4}% 44
\BOOKMARK [1][-]{section.4.6}{\376\377\000E\000x\000p\000l\000o\000r\000a\000t\000i\000o\000n}{chapter.4}% 45
\BOOKMARK [0][-]{chapter.5}{\376\377\000C\000o\000l\000o\000n\000i\000e\000s}{}% 46
\BOOKMARK [1][-]{section.5.1}{\376\377\000P\000i\000c\000k\000i\000n\000g\000\040\000a\000\040\000s\000u\000i\000t\000a\000b\000l\000e\000\040\000s\000i\000t\000e}{chapter.5}% 47
\BOOKMARK [2][-]{subsection.5.1.1}{\376\377\000T\000h\000e\000\040\000c\000o\000l\000o\000n\000y\000\040\000t\000i\000l\000e}{section.5.1}% 48
\BOOKMARK [2][-]{subsection.5.1.2}{\376\377\000T\000h\000e\000\040\000a\000d\000j\000a\000c\000e\000n\000t\000\040\000t\000i\000l\000e\000s}{section.5.1}% 49
\BOOKMARK [2][-]{subsection.5.1.3}{\376\377\000R\000e\000f\000o\000r\000e\000s\000t\000a\000t\000i\000o\000n}{section.5.1}% 50
\BOOKMARK [2][-]{subsection.5.1.4}{\376\377\000G\000o\000v\000e\000r\000n\000m\000e\000n\000t\000\040\000E\000f\000f\000i\000c\000i\000e\000n\000c\000y}{section.5.1}% 51
\BOOKMARK [1][-]{section.5.2}{\376\377\000C\000o\000l\000o\000n\000y\000\040\000B\000u\000i\000l\000d\000i\000n\000g\000s}{chapter.5}% 52
\BOOKMARK [1][-]{section.5.3}{\376\377\000U\000s\000i\000n\000g\000\040\000B\000u\000i\000l\000d\000i\000n\000g\000s}{chapter.5}% 53
\BOOKMARK [1][-]{section.5.4}{\376\377\000B\000u\000i\000l\000d\000i\000n\000g\000\040\000U\000n\000i\000t\000s\000\040\000a\000n\000d\000\040\000B\000u\000i\000l\000d\000i\000n\000g\000s}{chapter.5}% 54
\BOOKMARK [0][-]{chapter.6}{\376\377\000Y\000o\000u\000r\000\040\000H\000o\000m\000e\000\040\000C\000o\000u\000n\000t\000r\000y}{}% 55
\BOOKMARK [1][-]{section.6.1}{\376\377\000Y\000o\000u\000r\000\040\000H\000o\000m\000e\000\040\000P\000o\000r\000t}{chapter.6}% 56
\BOOKMARK [1][-]{section.6.2}{\376\377\000Y\000o\000u\000r\000\040\000M\000o\000n\000a\000r\000c\000h}{chapter.6}% 57
\BOOKMARK [0][-]{chapter.7}{\376\377\000U\000n\000i\000t\000s}{}% 58
\BOOKMARK [1][-]{section.7.1}{\376\377\000E\000q\000u\000i\000p\000m\000e\000n\000t}{chapter.7}% 59
\BOOKMARK [1][-]{section.7.2}{\376\377\000S\000k\000i\000l\000l\000s\000\040\000a\000n\000d\000\040\000E\000d\000u\000c\000a\000t\000i\000o\000n}{chapter.7}% 60
\BOOKMARK [1][-]{section.7.3}{\376\377\000C\000o\000m\000b\000a\000t}{chapter.7}% 61
\BOOKMARK [2][-]{subsection.7.3.1}{\376\377\000C\000o\000m\000b\000a\000t\000\040\000B\000o\000n\000u\000s\000e\000s\000\040\000a\000n\000d\000\040\000P\000e\000n\000a\000l\000t\000i\000e\000s}{section.7.3}% 62
\BOOKMARK [0][-]{chapter.8}{\376\377\000T\000h\000e\000\040\000C\000o\000n\000t\000i\000n\000e\000n\000t\000a\000l\000\040\000C\000o\000n\000g\000r\000e\000s\000s}{}% 63
\BOOKMARK [0][-]{chapter.9}{\376\377\000T\000h\000e\000\040\000B\000i\000r\000t\000h\000\040\000o\000f\000\040\000a\000\040\000N\000a\000t\000i\000o\000n}{}% 64
\BOOKMARK [1][-]{section.9.1}{\376\377\000S\000o\000n\000s\000\040\000o\000f\000\040\000L\000i\000b\000e\000r\000t\000y}{chapter.9}% 65
\BOOKMARK [1][-]{section.9.2}{\376\377\000T\000h\000e\000\040\000T\000r\000e\000a\000t\000y\000\040\000o\000f\000\040\000U\000t\000r\000e\000c\000h\000t}{chapter.9}% 66
\BOOKMARK [1][-]{section.9.3}{\376\377\000T\000h\000e\000\040\000D\000e\000c\000l\000a\000r\000a\000t\000i\000o\000n\000\040\000o\000f\000\040\000I\000n\000d\000e\000p\000e\000n\000d\000e\000n\000c\000e}{chapter.9}% 67
\BOOKMARK [0][-]{chapter.10}{\376\377\000K\000n\000o\000w\000n\000\040\000b\000u\000g\000s}{}% 68
\BOOKMARK [0][-]{chapter.11}{\376\377\000C\000o\000p\000y\000r\000i\000g\000h\000t\000\040\000N\000o\000t\000i\000c\000e}{}% 69
